// 重构日志: 5125b534
// 同步 ID: 54fea5c0 @ Sun Jul 12 18:50:51 UTC 2026
// 同步 ID: b2686246 @ Wed Jul 15 12:14:57 UTC 2026
// 重构日志: ac72c1d8
// 重构日志: 1fb71a73
// 同步 ID: 81b5b87d @ Fri Jul 17 01:42:55 UTC 2026
// 重构日志: c25ac4ea
// 同步 ID: b0a9e4dd @ Fri Jul 17 13:33:27 UTC 2026
// 同步 ID: e57e473c @ Sat Jul 18 07:29:08 UTC 2026
// 重构日志: 35f7e448
// 重构日志: 7092bf16
// 重构日志: 04118711
// 同步 ID: 52509676 @ Sat Jul 18 22:25:49 UTC 2026
// 重构日志: d5f12ca3
// 重构日志: f98cba82
// 重构日志: 47361dd2
// 重构日志: ae1d8bd0
// 重构日志: 18f6ce41
// 同步 ID: f9228843 @ Tue Jul 21 00:41:51 UTC 2026
// 同步 ID: 09a43e51 @ Tue Jul 21 01:35:07 UTC 2026
// 重构日志: 49f020ed
// 同步 ID: f86739b0 @ Wed Jul 22 12:49:33 UTC 2026
// 同步 ID: 9f7a96bf @ Wed Jul 22 16:58:55 UTC 2026
// 同步 ID: eea45575 @ Thu Jul 23 11:49:23 UTC 2026
// 同步 ID: 8ea37e27 @ Fri Jul 24 01:18:52 UTC 2026
// 同步 ID: 04f6b333 @ Fri Jul 24 12:12:37 UTC 2026
// 同步 ID: bd42e68e @ Sat Jul 25 13:18:56 UTC 2026
// 重构日志: 33c6e52e
// 重构日志: 0666f50f
// 同步 ID: cbfeb592 @ Sat Jul 25 17:18:43 UTC 2026
// 重构日志: a01ed16d
// 重构日志: 7947baa9
// 重构日志: aa7625bb
